Using model: deepseek/deepseek-r1
Max steps per research phase: 2
Debug level: 0
Configuration source: defaults

Research phases:
  - gathering: 2 steps
  - analysis: 2 steps
  - synthesis: 2 steps
Initializing custom text browser...
=== CONFIGURING PROXY ===
Proxy disabled in configuration
Proxy disabled for browser
Initializing file manager...
Research output directory: tinyAgent_output/research
Initializing tools registry...
Registered 8 gathering tools, 5 analysis tools, and 3 synthesis tools

Initialization complete

Using model: deepseek/deepseek-r1
Max steps per research phase: 2
Debug level: 0
Rate limit delay: 2.0s
Max retries: 3
Retry delay: 1.0s
Proxy configured: False
Available tools:
- count_words
- count_characters
- to_uppercase
- to_lowercase
- add
- subtract
- multiply
- divide
- combine_results
- format_as_json

==================================================
DYNAMIC AGENT DEMONSTRATION
==================================================

Task 1: 'I need to analyze and transform some text data'
Selected tools for text processing:
- count_words
- count_characters
- to_uppercase
- to_lowercase
- add
- subtract
- multiply
- divide
- combine_results
- format_as_json

Task 2: 'I need to perform some mathematical calculations'
Selected tools for math calculations:
- count_words
- count_characters
- to_uppercase
- to_lowercase
- add
- subtract
- multiply
- divide
- combine_results
- format_as_json

Task 3: 'I need to analyze some text and perform calculations on the results'
Selected tools for mixed task:
- count_words
- count_characters
- to_uppercase
- to_lowercase
- add
- subtract
- multiply
- divide
- combine_results
- format_as_json

==================================================
TASK EXECUTION DEMONSTRATION
==================================================

Executing task: 'Count the words in 'The quick brown fox' and multiply by 2'
1. Counting words in 'The quick brown fox'...

Validating args for tool: count_words
Arguments provided: {'text': 'The quick brown fox'}
   Word count: 4
2. Multiplying result by 2...

Validating args for tool: multiply
Arguments provided: {'a': 4, 'b': 2}
   Final result: 8

Result: The phrase 'The quick brown fox' has 4 words. Multiplying by 2 gives us 8.
