Using model: deepseek/deepseek-r1
Max steps per research phase: 2
Debug level: 0
Configuration source: defaults

Research phases:
  - gathering: 2 steps
  - analysis: 2 steps
  - synthesis: 2 steps
Initializing custom text browser...
=== CONFIGURING PROXY ===
Proxy disabled in configuration
Proxy disabled for browser
Initializing file manager...
Research output directory: tinyAgent_output/research
Initializing tools registry...
Registered 8 gathering tools, 5 analysis tools, and 3 synthesis tools

Initialization complete

Using model: deepseek/deepseek-r1
Max steps per research phase: 2
Debug level: 0
Rate limit delay: 2.0s
Max retries: 3
Retry delay: 1.0s
Proxy configured: False

=== PERFORM_DUCKDUCKGO_SEARCH DEBUG ===
Search parameters: keywords=research about the latest trends general_analysis latest developments research, max_results=5, region=wt-wt, safesearch=moderate, timelimit=None, backend=auto
Using proxy: http://customer-could_sxa0C-cc-US:********@pr.oxylabs.io:7777
Found 5 results
=== END PERFORM_DUCKDUCKGO_SEARCH DEBUG ===


=== PERFORM_DUCKDUCKGO_SEARCH DEBUG ===
Search parameters: keywords=research about the latest trends technical latest developments research, max_results=5, region=wt-wt, safesearch=moderate, timelimit=None, backend=auto
Using proxy: http://customer-could_sxa0C-cc-US:********@pr.oxylabs.io:7777
Found 5 results
=== END PERFORM_DUCKDUCKGO_SEARCH DEBUG ===


=== PERFORM_DUCKDUCKGO_SEARCH DEBUG ===
Search parameters: keywords=research about the latest trends implementation latest developments research, max_results=5, region=wt-wt, safesearch=moderate, timelimit=None, backend=auto
Using proxy: http://customer-could_sxa0C-cc-US:********@pr.oxylabs.io:7777
Found 5 results
=== END PERFORM_DUCKDUCKGO_SEARCH DEBUG ===

