Using model: deepseek/deepseek-r1
Max steps per research phase: 2
Debug level: 0
Configuration source: defaults

Research phases:
  - gathering: 2 steps
  - analysis: 2 steps
  - synthesis: 2 steps
Initializing custom text browser...
=== CONFIGURING PROXY ===
Proxy disabled in configuration
Proxy disabled for browser
Initializing file manager...
Research output directory: tinyAgent_output/research
Initializing tools registry...
Registered 8 gathering tools, 5 analysis tools, and 3 synthesis tools

Initialization complete

Using model: deepseek/deepseek-r1
Max steps per research phase: 2
Debug level: 0
Rate limit delay: 2.0s
Max retries: 3
Retry delay: 1.0s
Proxy configured: False

===== ELDER BRAIN FULL PIPELINE DEMO =====
Task: Research the latest AI trends and generate a detailed report with code examples.


--- Phase 1: Information Gathering ---
{
  "analysis": {
    "required_information": [
      {
        "type": "code_review",
        "description": "Examine code repositories (e.g., GitHub, GitLab) for recent AI projects, frameworks, and libraries to identify trends and best practices.",
        "importance": "high"
      },
      {
        "type": "documentation",
        "description": "Review official documentation for popular AI frameworks like TensorFlow, PyTorch, Hugging Face, and LangChain to understand the latest features and updates.",
        "importance": "high"
      },
      {
        "type": "external_resource",
        "description": "Analyze recent research papers, blogs, and articles from platforms like arXiv, Medium, and Towards Data Science to identify emerging AI trends.",
        "importance": "high"
      },
      {
        "type": "clarification",
        "description": "Clarify the scope of the report: Should it focus on specific AI domains (e.g., NLP, computer vision, generative AI) or provide a broad overview?",
        "importance": "medium"
      },
      {
        "type": "domain_knowledge",
        "description": "Understand foundational AI concepts, such as deep learning, reinforcement learning, and transfer learning, to interpret trends effectively.",
        "importance": "medium"
      }
    ],
    "key_questions": [
      "What are the most impactful AI trends in the last year?",
      "Which frameworks or tools are leading the AI industry, and what are their key features?"
    ],
    "recommended_tools": [
      "GitHub",
      "Google Scholar",
      "arXiv",
      "TensorFlow Documentation",
      "PyTorch Documentation"
    ],
    "summary": "To research the latest AI trends and generate a detailed report with code examples, gather information from code repositories, official documentation, and external resources like research papers and blogs. Clarify the report's scope and ensure foundational AI knowledge is in place. Use tools like GitHub, Google Scholar, and framework documentation to streamline the process."
  },
  "collected_information": {},
  "raw_llm_response": "```json\n{\n    \"required_information\": [\n        {\n            \"type\": \"code_review\",\n            \"description\": \"Examine code repositories (e.g., GitHub, GitLab) for recent AI projects, frameworks, and libraries to identify trends and best practices.\",\n            \"importance\": \"high\"\n        },\n        {\n            \"type\": \"documentation\",\n            \"description\": \"Review official documentation for popular AI frameworks like TensorFlow, PyTorch, Hugging Face, and LangChain to understand the latest features and updates.\",\n            \"importance\": \"high\"\n        },\n        {\n            \"type\": \"external_resource\",\n            \"description\": \"Analyze recent research papers, blogs, and articles from platforms like arXiv, Medium, and Towards Data Science to identify emerging AI trends.\",\n            \"importance\": \"high\"\n        },\n        {\n            \"type\": \"clarification\",\n            \"description\": \"Clarify the scope of the report: Should it focus on specific AI domains (e.g., NLP, computer vision, generative AI) or provide a broad overview?\",\n            \"importance\": \"medium\"\n        },\n        {\n            \"type\": \"domain_knowledge\",\n            \"description\": \"Understand foundational AI concepts, such as deep learning, reinforcement learning, and transfer learning, to interpret trends effectively.\",\n            \"importance\": \"medium\"\n        }\n    ],\n    \"key_questions\": [\n        \"What are the most impactful AI trends in the last year?\",\n        \"Which frameworks or tools are leading the AI industry, and what are their key features?\"\n    ],\n    \"recommended_tools\": [\n        \"GitHub\",\n        \"Google Scholar\",\n        \"arXiv\",\n        \"TensorFlow Documentation\",\n        \"PyTorch Documentation\"\n    ],\n    \"summary\": \"To research the latest AI trends and generate a detailed report with code examples, gather information from code repositories, official documentation, and external resources like research papers and blogs. Clarify the report's scope and ensure foundational AI knowledge is in place. Use tools like GitHub, Google Scholar, and framework documentation to streamline the process.\"\n}\n```"
}

--- Phase 2: Solution Planning ---
{
  "plan": {
    "steps": [
      {
        "step_number": 1,
        "description": "Clarify the scope of the report by determining whether it should focus on specific AI domains (e.g., NLP, computer vision, generative AI) or provide a broad overview.",
        "tools_needed": [
          "Email",
          "Meeting Software"
        ],
        "expected_outcome": "A clear understanding of the report's focus and scope."
      },
      {
        "step_number": 2,
        "description": "Review official documentation for popular AI frameworks (e.g., TensorFlow, PyTorch, Hugging Face, LangChain) to understand the latest features and updates.",
        "tools_needed": [
          "TensorFlow Documentation",
          "PyTorch Documentation",
          "Hugging Face Documentation",
          "LangChain Documentation"
        ],
        "expected_outcome": "A list of the latest features and updates for each framework."
      },
      {
        "step_number": 3,
        "description": "Examine code repositories (e.g., GitHub, GitLab) for recent AI projects, frameworks, and libraries to identify trends and best practices.",
        "tools_needed": [
          "GitHub",
          "GitLab"
        ],
        "expected_outcome": "A collection of recent AI projects and identified trends and best practices."
      },
      {
        "step_number": 4,
        "description": "Analyze recent research papers, blogs, and articles from platforms like arXiv, Medium, and Towards Data Science to identify emerging AI trends.",
        "tools_needed": [
          "Google Scholar",
          "arXiv",
          "Medium",
          "Towards Data Science"
        ],
        "expected_outcome": "A list of emerging AI trends supported by recent research and articles."
      },
      {
        "step_number": 5,
        "description": "Compile the gathered information, including code examples, into a structured and detailed report.",
        "tools_needed": [
          "Markdown Editor",
          "Jupyter Notebook",
          "Microsoft Word"
        ],
        "expected_outcome": "A comprehensive and well-organized report with code examples."
      },
      {
        "step_number": 6,
        "description": "Review and refine the report to ensure clarity, accuracy, and relevance.",
        "tools_needed": [
          "Grammarly",
          "Peer Review"
        ],
        "expected_outcome": "A polished and accurate report ready for submission."
      }
    ],
    "estimated_complexity": "high",
    "potential_challenges": [
      "Difficulty in identifying the most impactful trends due to the vast amount of information available.",
      "Ensuring the accuracy and relevance of code examples.",
      "Balancing the depth of analysis with the report's intended scope."
    ],
    "success_criteria": [
      "The report clearly identifies and explains the latest AI trends.",
      "The report includes accurate and relevant code examples.",
      "The report is well-structured and easy to understand."
    ],
    "summary": "The plan involves clarifying the report's scope, gathering information from official documentation, code repositories, and external resources, compiling the information into a structured report, and refining it for clarity and accuracy. The process is complex due to the vast amount of information and the need for accurate code examples, but it can be managed by using appropriate tools and methods."
  },
  "raw_llm_response": "```json\n{\n    \"steps\": [\n        {\n            \"step_number\": 1,\n            \"description\": \"Clarify the scope of the report by determining whether it should focus on specific AI domains (e.g., NLP, computer vision, generative AI) or provide a broad overview.\",\n            \"tools_needed\": [\"Email\", \"Meeting Software\"],\n            \"expected_outcome\": \"A clear understanding of the report's focus and scope.\"\n        },\n        {\n            \"step_number\": 2,\n            \"description\": \"Review official documentation for popular AI frameworks (e.g., TensorFlow, PyTorch, Hugging Face, LangChain) to understand the latest features and updates.\",\n            \"tools_needed\": [\"TensorFlow Documentation\", \"PyTorch Documentation\", \"Hugging Face Documentation\", \"LangChain Documentation\"],\n            \"expected_outcome\": \"A list of the latest features and updates for each framework.\"\n        },\n        {\n            \"step_number\": 3,\n            \"description\": \"Examine code repositories (e.g., GitHub, GitLab) for recent AI projects, frameworks, and libraries to identify trends and best practices.\",\n            \"tools_needed\": [\"GitHub\", \"GitLab\"],\n            \"expected_outcome\": \"A collection of recent AI projects and identified trends and best practices.\"\n        },\n        {\n            \"step_number\": 4,\n            \"description\": \"Analyze recent research papers, blogs, and articles from platforms like arXiv, Medium, and Towards Data Science to identify emerging AI trends.\",\n            \"tools_needed\": [\"Google Scholar\", \"arXiv\", \"Medium\", \"Towards Data Science\"],\n            \"expected_outcome\": \"A list of emerging AI trends supported by recent research and articles.\"\n        },\n        {\n            \"step_number\": 5,\n            \"description\": \"Compile the gathered information, including code examples, into a structured and detailed report.\",\n            \"tools_needed\": [\"Markdown Editor\", \"Jupyter Notebook\", \"Microsoft Word\"],\n            \"expected_outcome\": \"A comprehensive and well-organized report with code examples.\"\n        },\n        {\n            \"step_number\": 6,\n            \"description\": \"Review and refine the report to ensure clarity, accuracy, and relevance.\",\n            \"tools_needed\": [\"Grammarly\", \"Peer Review\"],\n            \"expected_outcome\": \"A polished and accurate report ready for submission.\"\n        }\n    ],\n    \"estimated_complexity\": \"high\",\n    \"potential_challenges\": [\n        \"Difficulty in identifying the most impactful trends due to the vast amount of information available.\",\n        \"Ensuring the accuracy and relevance of code examples.\",\n        \"Balancing the depth of analysis with the report's intended scope.\"\n    ],\n    \"success_criteria\": [\n        \"The report clearly identifies and explains the latest AI trends.\",\n        \"The report includes accurate and relevant code examples.\",\n        \"The report is well-structured and easy to understand.\"\n    ],\n    \"summary\": \"The plan involves clarifying the report's scope, gathering information from official documentation, code repositories, and external resources, compiling the information into a structured report, and refining it for clarity and accuracy. The process is complex due to the vast amount of information and the need for accurate code examples, but it can be managed by using appropriate tools and methods.\"\n}\n```"
}

--- Phase 3: Execution ---
{
  "error": "No steps found in the plan",
  "phase": "plan_execution"
}

===== ELDER BRAIN DEMO COMPLETE =====
